2025-02-02 21:45:09,737 INFO in module services.py: Анализируем 6705 записей.
2025-02-02 21:45:09,845 INFO in module services.py: фильтруем расходы за период с 2020-12-01 00:00:00 по 2020-12-31 23:59:59
2025-02-02 21:45:09,848 INFO in module services.py: Анализируем 122 записей по расходам.
2025-02-02 21:45:09,849 INFO in module services.py: С потраченной суммы 630 откладываем 20.0 руб.
2025-02-02 21:45:09,849 INFO in module services.py: С потраченной суммы 929 откладываем 20.019999999999982 руб.
2025-02-02 21:45:09,849 INFO in module services.py: С потраченной суммы 385 откладываем 15.0 руб.
2025-02-02 21:45:09,849 INFO in module services.py: С потраченной суммы 5 откладываем 44.1 руб.
2025-02-02 21:45:09,850 INFO in module services.py: С потраченной суммы 219 откладываем 30.900000000000006 руб.
2025-02-02 21:45:09,850 INFO in module services.py: С потраченной суммы 159 откладываем 41.0 руб.
2025-02-02 21:45:09,850 INFO in module services.py: С потраченной суммы 59 откладываем 41.0 руб.
2025-02-02 21:45:09,850 INFO in module services.py: С потраченной суммы 1423 откладываем 26.40000000000009 руб.
2025-02-02 21:45:09,850 INFO in module services.py: С потраченной суммы 32 откладываем 18.0 руб.
2025-02-02 21:45:09,850 INFO in module services.py: С потраченной суммы 68 откладываем 32.0 руб.
2025-02-02 21:45:09,850 INFO in module services.py: С потраченной суммы 410 откладываем 39.95999999999998 руб.
2025-02-02 21:45:09,850 INFO in module services.py: С потраченной суммы 100 откладываем 50.0 руб.
2025-02-02 21:45:09,850 INFO in module services.py: С потраченной суммы 70 откладываем 30.0 руб.
2025-02-02 21:45:09,850 INFO in module services.py: С потраченной суммы 39 откладываем 11.0 руб.
2025-02-02 21:45:09,850 INFO in module services.py: С потраченной суммы 142 откладываем 7.199999999999989 руб.
2025-02-02 21:45:09,850 INFO in module services.py: С потраченной суммы 138 откладываем 12.0 руб.
2025-02-02 21:45:09,850 INFO in module services.py: С потраченной суммы 85 откладываем 14.010000000000005 руб.
2025-02-02 21:45:09,851 INFO in module services.py: С потраченной суммы 59 откладываем 40.01 руб.
2025-02-02 21:45:09,851 INFO in module services.py: С потраченной суммы 568 откладываем 32.0 руб.
2025-02-02 21:45:09,851 INFO in module services.py: С потраченной суммы 51 откладываем 49.0 руб.
2025-02-02 21:45:09,851 INFO in module services.py: С потраченной суммы 209 откладываем 40.03 руб.
2025-02-02 21:45:09,851 INFO in module services.py: С потраченной суммы 20 откладываем 30.0 руб.
2025-02-02 21:45:09,851 INFO in module services.py: С потраченной суммы 99 откладываем 1.0 руб.
2025-02-02 21:45:09,851 INFO in module services.py: С потраченной суммы 1676 откладываем 23.200000000000045 руб.
2025-02-02 21:45:09,851 INFO in module services.py: С потраченной суммы 138 откладываем 12.0 руб.
2025-02-02 21:45:09,851 INFO in module services.py: С потраченной суммы 162 откладываем 37.02000000000001 руб.
2025-02-02 21:45:09,851 INFO in module services.py: С потраченной суммы 190 откладываем 10.0 руб.
2025-02-02 21:45:09,851 INFO in module services.py: С потраченной суммы 56 откладываем 44.0 руб.
2025-02-02 21:45:09,851 INFO in module services.py: С потраченной суммы 10 откладываем 40.0 руб.
2025-02-02 21:45:09,852 INFO in module services.py: С потраченной суммы 120 откладываем 30.0 руб.
2025-02-02 21:45:09,852 INFO in module services.py: С потраченной суммы 400 откладываем 50.0 руб.
2025-02-02 21:45:09,852 INFO in module services.py: С потраченной суммы 519 откладываем 30.08000000000004 руб.
2025-02-02 21:45:09,852 INFO in module services.py: С потраченной суммы 190 откладываем 10.0 руб.
2025-02-02 21:45:09,852 INFO in module services.py: С потраченной суммы 42577 откладываем 22.669999999998254 руб.
2025-02-02 21:45:09,852 INFO in module services.py: С потраченной суммы 335 откладываем 14.420000000000016 руб.
2025-02-02 21:45:09,852 INFO in module services.py: С потраченной суммы 12 откладываем 38.0 руб.
2025-02-02 21:45:09,852 INFO in module services.py: С потраченной суммы 149 откладываем 0.030000000000001137 руб.
2025-02-02 21:45:09,852 INFO in module services.py: С потраченной суммы 46 откладываем 3.009999999999998 руб.
2025-02-02 21:45:09,852 INFO in module services.py: С потраченной суммы 20 откладываем 30.0 руб.
2025-02-02 21:45:09,853 INFO in module services.py: С потраченной суммы 1676 откладываем 23.200000000000045 руб.
2025-02-02 21:45:09,853 INFO in module services.py: С потраченной суммы 56 откладываем 44.0 руб.
2025-02-02 21:45:09,853 INFO in module services.py: С потраченной суммы 96 откладываем 4.0 руб.
2025-02-02 21:45:09,853 INFO in module services.py: С потраченной суммы 43 откладываем 7.0 руб.
2025-02-02 21:45:09,853 INFO in module services.py: С потраченной суммы 40 откладываем 10.0 руб.
2025-02-02 21:45:09,853 INFO in module services.py: С потраченной суммы 1039 откладываем 10.700000000000045 руб.
2025-02-02 21:45:09,853 INFO in module services.py: С потраченной суммы 276 откладываем 24.0 руб.
2025-02-02 21:45:09,853 INFO in module services.py: С потраченной суммы 41 откладываем 9.0 руб.
2025-02-02 21:45:09,854 INFO in module services.py: С потраченной суммы 41 откладываем 9.0 руб.
2025-02-02 21:45:09,854 INFO in module services.py: С потраченной суммы 249 откладываем 0.5200000000000102 руб.
2025-02-02 21:45:09,854 INFO in module services.py: С потраченной суммы 41 откладываем 9.0 руб.
2025-02-02 21:45:09,854 INFO in module services.py: С потраченной суммы 41 откладываем 9.0 руб.
2025-02-02 21:45:09,854 INFO in module services.py: С потраченной суммы 126 откладываем 23.040000000000006 руб.
2025-02-02 21:45:09,854 INFO in module services.py: С потраченной суммы 56 откладываем 44.0 руб.
2025-02-02 21:45:09,854 INFO in module services.py: С потраченной суммы 642 откладываем 7.419999999999959 руб.
2025-02-02 21:45:09,854 INFO in module services.py: С потраченной суммы 160 откладываем 39.129999999999995 руб.
2025-02-02 21:45:09,854 INFO in module services.py: С потраченной суммы 200 откладываем 50.0 руб.
2025-02-02 21:45:09,854 INFO in module services.py: С потраченной суммы 190 откладываем 10.0 руб.
2025-02-02 21:45:09,854 INFO in module services.py: С потраченной суммы 400 откладываем 50.0 руб.
2025-02-02 21:45:09,854 INFO in module services.py: С потраченной суммы 50 откладываем 50.0 руб.
2025-02-02 21:45:09,855 INFO in module services.py: С потраченной суммы 15000 откладываем 50.0 руб.
2025-02-02 21:45:09,855 INFO in module services.py: С потраченной суммы 137 откладываем 12.030000000000001 руб.
2025-02-02 21:45:09,855 INFO in module services.py: С потраченной суммы 96 откладываем 4.0 руб.
2025-02-02 21:45:09,855 INFO in module services.py: С потраченной суммы 287 откладываем 13.0 руб.
2025-02-02 21:45:09,855 INFO in module services.py: С потраченной суммы 447 откладываем 2.180000000000007 руб.
2025-02-02 21:45:09,855 INFO in module services.py: С потраченной суммы 22 откладываем 28.0 руб.
2025-02-02 21:45:09,855 INFO in module services.py: С потраченной суммы 656 откладываем 44.0 руб.
2025-02-02 21:45:09,855 INFO in module services.py: С потраченной суммы 577 откладываем 23.0 руб.
2025-02-02 21:45:09,855 INFO in module services.py: С потраченной суммы 205 откладываем 44.900000000000006 руб.
2025-02-02 21:45:09,855 INFO in module services.py: С потраченной суммы 56 откладываем 44.0 руб.
2025-02-02 21:45:09,855 INFO in module services.py: С потраченной суммы 69 откладываем 31.0 руб.
2025-02-02 21:45:09,855 INFO in module services.py: С потраченной суммы 150 откладываем 49.03 руб.
2025-02-02 21:45:09,855 INFO in module services.py: С потраченной суммы 3360 откладываем 40.0 руб.
2025-02-02 21:45:09,856 INFO in module services.py: С потраченной суммы 105 откладываем 45.0 руб.
2025-02-02 21:45:09,856 INFO in module services.py: С потраченной суммы 190 откладываем 10.0 руб.
2025-02-02 21:45:09,856 INFO in module services.py: С потраченной суммы 190 откладываем 10.0 руб.
2025-02-02 21:45:09,856 INFO in module services.py: С потраченной суммы 400 откладываем 50.0 руб.
2025-02-02 21:45:09,856 INFO in module services.py: С потраченной суммы 50 откладываем 50.0 руб.
2025-02-02 21:45:09,856 INFO in module services.py: С потраченной суммы 316 откладываем 34.0 руб.
2025-02-02 21:45:09,856 INFO in module services.py: С потраченной суммы 110 откладываем 40.0 руб.
2025-02-02 21:45:09,856 INFO in module services.py: С потраченной суммы 261 откладываем 38.81 руб.
2025-02-02 21:45:09,856 INFO in module services.py: С потраченной суммы 56 откладываем 44.0 руб.
2025-02-02 21:45:09,868 INFO in module services.py: С потраченной суммы 219 откладываем 30.02000000000001 руб.
2025-02-02 21:45:09,868 INFO in module services.py: С потраченной суммы 101 откладываем 48.22 руб.
2025-02-02 21:45:09,868 INFO in module services.py: С потраченной суммы 250 откладываем 50.0 руб.
2025-02-02 21:45:09,868 INFO in module services.py: С потраченной суммы 40 откладываем 9.219999999999999 руб.
2025-02-02 21:45:09,868 INFO in module services.py: С потраченной суммы 316 откладываем 33.420000000000016 руб.
2025-02-02 21:45:09,868 INFO in module services.py: С потраченной суммы 251 откладываем 48.639999999999986 руб.
2025-02-02 21:45:09,868 INFO in module services.py: С потраченной суммы 40 откладываем 10.0 руб.
2025-02-02 21:45:09,868 INFO in module services.py: С потраченной суммы 126 откладываем 23.730000000000004 руб.
2025-02-02 21:45:09,868 INFO in module services.py: С потраченной суммы 50 откладываем 49.11 руб.
2025-02-02 21:45:09,869 INFO in module services.py: С потраченной суммы 67 откладываем 32.019999999999996 руб.
2025-02-02 21:45:09,869 INFO in module services.py: С потраченной суммы 219 откладываем 31.0 руб.
2025-02-02 21:45:09,869 INFO in module services.py: С потраченной суммы 206 откладываем 44.0 руб.
2025-02-02 21:45:09,869 INFO in module services.py: С потраченной суммы 2214 откладываем 35.30000000000018 руб.
2025-02-02 21:45:09,869 INFO in module services.py: С потраченной суммы 240 откладываем 9.22999999999999 руб.
2025-02-02 21:45:09,869 INFO in module services.py: С потраченной суммы 56 откладываем 44.0 руб.
2025-02-02 21:45:09,869 INFO in module services.py: С потраченной суммы 114 откладываем 35.760000000000005 руб.
2025-02-02 21:45:09,869 INFO in module services.py: С потраченной суммы 1 откладываем 49.0 руб.
2025-02-02 21:45:09,869 INFO in module services.py: С потраченной суммы 45 откладываем 5.0 руб.
2025-02-02 21:45:09,869 INFO in module services.py: С потраченной суммы 356 откладываем 44.0 руб.
2025-02-02 21:45:09,869 INFO in module services.py: С потраченной суммы 100 откладываем 50.0 руб.
2025-02-02 21:45:09,869 INFO in module services.py: С потраченной суммы 286 откладываем 13.589999999999975 руб.
2025-02-02 21:45:09,869 INFO in module services.py: С потраченной суммы 56 откладываем 44.0 руб.
2025-02-02 21:45:09,870 INFO in module services.py: С потраченной суммы 90 откладываем 9.519999999999996 руб.
2025-02-02 21:45:09,870 INFO in module services.py: С потраченной суммы 234 откладываем 16.0 руб.
2025-02-02 21:45:09,870 INFO in module services.py: С потраченной суммы 78 откладываем 22.0 руб.
2025-02-02 21:45:09,870 INFO in module services.py: С потраченной суммы 92 откладываем 7.840000000000003 руб.
2025-02-02 21:45:09,870 INFO in module services.py: С потраченной суммы 205 откладываем 45.0 руб.
2025-02-02 21:45:09,870 INFO in module services.py: С потраченной суммы 10 откладываем 40.0 руб.
2025-02-02 21:45:09,870 INFO in module services.py: С потраченной суммы 32 откладываем 17.009999999999998 руб.
2025-02-02 21:45:09,870 INFO in module services.py: С потраченной суммы 434 откладываем 15.170000000000016 руб.
2025-02-02 21:45:09,870 INFO in module services.py: С потраченной суммы 545 откладываем 4.7999999999999545 руб.
2025-02-02 21:45:09,870 INFO in module services.py: С потраченной суммы 132 откладываем 17.02000000000001 руб.
2025-02-02 21:45:09,870 INFO in module services.py: С потраченной суммы 56 откладываем 44.0 руб.
2025-02-02 21:45:09,870 INFO in module services.py: С потраченной суммы 32 откладываем 18.0 руб.
2025-02-02 21:45:09,870 INFO in module services.py: С потраченной суммы 532 откладываем 18.0 руб.
2025-02-02 21:45:09,871 INFO in module services.py: С потраченной суммы 39 откладываем 10.020000000000003 руб.
2025-02-02 21:45:09,871 INFO in module services.py: С потраченной суммы 253 откладываем 46.75 руб.
2025-02-02 21:45:09,871 INFO in module services.py: С потраченной суммы 388 откладываем 12.0 руб.
2025-02-02 21:45:09,871 INFO in module services.py: С потраченной суммы 96 откладываем 4.0 руб.
2025-02-02 21:45:09,871 INFO in module services.py: С потраченной суммы 500 откладываем 50.0 руб.
2025-02-02 21:45:09,871 INFO in module services.py: С потраченной суммы 100 откладываем 50.0 руб.
2025-02-02 21:45:09,883 INFO in module services.py: Всего отложили 3365.41 руб.
2025-02-02 21:46:54,071 INFO in module services.py: Анализируем 6705 записей.
2025-02-02 21:46:54,071 INFO in module services.py: Порог округления: 10 руб.
2025-02-02 21:46:54,177 INFO in module services.py: фильтруем расходы за период с 2019-11-01 00:00:00 по 2019-11-30 23:59:59
2025-02-02 21:46:54,181 INFO in module services.py: Анализируем 146 записей по расходам.
2025-02-02 21:46:54,181 INFO in module services.py: С потраченной суммы 90 откладываем 10.0 руб.
2025-02-02 21:46:54,181 INFO in module services.py: С потраченной суммы 360 откладываем 10.0 руб.
2025-02-02 21:46:54,182 INFO in module services.py: С потраченной суммы 318 откладываем 1.1000000000000227 руб.
2025-02-02 21:46:54,182 INFO in module services.py: С потраченной суммы 99 откладываем 1.0 руб.
2025-02-02 21:46:54,182 INFO in module services.py: С потраченной суммы 500 откладываем 10.0 руб.
2025-02-02 21:46:54,182 INFO in module services.py: С потраченной суммы 90 откладываем 10.0 руб.
2025-02-02 21:46:54,182 INFO in module services.py: С потраченной суммы 90 откладываем 10.0 руб.
2025-02-02 21:46:54,182 INFO in module services.py: С потраченной суммы 59 откладываем 1.0 руб.
2025-02-02 21:46:54,182 INFO in module services.py: С потраченной суммы 250 откладываем 10.0 руб.
2025-02-02 21:46:54,182 INFO in module services.py: С потраченной суммы 100 откладываем 9.549999999999997 руб.
2025-02-02 21:46:54,182 INFO in module services.py: С потраченной суммы 90 откладываем 10.0 руб.
2025-02-02 21:46:54,182 INFO in module services.py: С потраченной суммы 69 откладываем 1.0 руб.
2025-02-02 21:46:54,182 INFO in module services.py: С потраченной суммы 30 откладываем 10.0 руб.
2025-02-02 21:46:54,182 INFO in module services.py: С потраченной суммы 297 откладываем 2.8000000000000114 руб.
2025-02-02 21:46:54,182 INFO in module services.py: С потраченной суммы 129 откладываем 1.0 руб.
2025-02-02 21:46:54,183 INFO in module services.py: С потраченной суммы 180 откладываем 10.0 руб.
2025-02-02 21:46:54,183 INFO in module services.py: С потраченной суммы 20 откладываем 10.0 руб.
2025-02-02 21:46:54,183 INFO in module services.py: С потраченной суммы 49 откладываем 0.10000000000000142 руб.
2025-02-02 21:46:54,183 INFO in module services.py: С потраченной суммы 90 откладываем 10.0 руб.
2025-02-02 21:46:54,183 INFO in module services.py: С потраченной суммы 294 откладываем 5.319999999999993 руб.
2025-02-02 21:46:54,183 INFO in module services.py: С потраченной суммы 220 откладываем 10.0 руб.
2025-02-02 21:46:54,183 INFO in module services.py: С потраченной суммы 99 откладываем 1.0 руб.
2025-02-02 21:46:54,183 INFO in module services.py: С потраченной суммы 138 откладываем 1.3000000000000114 руб.
2025-02-02 21:46:54,183 INFO in module services.py: С потраченной суммы 99 откладываем 1.0 руб.
2025-02-02 21:46:54,183 INFO in module services.py: С потраченной суммы 194 откладываем 5.449999999999989 руб.
2025-02-02 21:46:54,183 INFO in module services.py: С потраченной суммы 241 откладываем 8.199999999999989 руб.
2025-02-02 21:46:54,183 INFO in module services.py: С потраченной суммы 50 откладываем 10.0 руб.
2025-02-02 21:46:54,184 INFO in module services.py: С потраченной суммы 340 откладываем 10.0 руб.
2025-02-02 21:46:54,184 INFO in module services.py: С потраченной суммы 500 откладываем 10.0 руб.
2025-02-02 21:46:54,184 INFO in module services.py: С потраченной суммы 500 откладываем 10.0 руб.
2025-02-02 21:46:54,184 INFO in module services.py: С потраченной суммы 40 откладываем 10.0 руб.
2025-02-02 21:46:54,184 INFO in module services.py: С потраченной суммы 313 откладываем 7.0 руб.
2025-02-02 21:46:54,184 INFO in module services.py: С потраченной суммы 64 откладываем 5.099999999999994 руб.
2025-02-02 21:46:54,184 INFO in module services.py: С потраченной суммы 100 откладываем 10.0 руб.
2025-02-02 21:46:54,184 INFO in module services.py: С потраченной суммы 996 откладываем 3.5399999999999636 руб.
2025-02-02 21:46:54,184 INFO in module services.py: С потраченной суммы 66 откладываем 4.0 руб.
2025-02-02 21:46:54,184 INFO in module services.py: С потраченной суммы 3015 откладываем 4.349999999999909 руб.
2025-02-02 21:46:54,184 INFO in module services.py: С потраченной суммы 160 откладываем 10.0 руб.
2025-02-02 21:46:54,185 INFO in module services.py: С потраченной суммы 90 откладываем 10.0 руб.
2025-02-02 21:46:54,185 INFO in module services.py: С потраченной суммы 189 откладываем 1.0 руб.
2025-02-02 21:46:54,185 INFO in module services.py: С потраченной суммы 66 откладываем 4.0 руб.
2025-02-02 21:46:54,193 INFO in module services.py: С потраченной суммы 90 откладываем 10.0 руб.
2025-02-02 21:46:54,193 INFO in module services.py: С потраченной суммы 642 откладываем 8.0 руб.
2025-02-02 21:46:54,193 INFO in module services.py: С потраченной суммы 92 откладываем 7.099999999999994 руб.
2025-02-02 21:46:54,193 INFO in module services.py: С потраченной суммы 233 откладываем 7.0 руб.
2025-02-02 21:46:54,193 INFO in module services.py: С потраченной суммы 90 откладываем 10.0 руб.
2025-02-02 21:46:54,194 INFO in module services.py: С потраченной суммы 193 откладываем 6.469999999999999 руб.
2025-02-02 21:46:54,194 INFO in module services.py: С потраченной суммы 23 откладываем 6.199999999999999 руб.
2025-02-02 21:46:54,194 INFO in module services.py: С потраченной суммы 45 откладываем 4.100000000000001 руб.
2025-02-02 21:46:54,194 INFO in module services.py: С потраченной суммы 90 откладываем 10.0 руб.
2025-02-02 21:46:54,194 INFO in module services.py: С потраченной суммы 119 откладываем 1.0 руб.
2025-02-02 21:46:54,194 INFO in module services.py: С потраченной суммы 71 откладываем 9.0 руб.
2025-02-02 21:46:54,194 INFO in module services.py: С потраченной суммы 370 откладываем 9.879999999999995 руб.
2025-02-02 21:46:54,194 INFO in module services.py: С потраченной суммы 59 откладываем 0.10000000000000142 руб.
2025-02-02 21:46:54,194 INFO in module services.py: С потраченной суммы 250 откладываем 10.0 руб.
2025-02-02 21:46:54,194 INFO in module services.py: С потраченной суммы 700 откладываем 10.0 руб.
2025-02-02 21:46:54,195 INFO in module services.py: С потраченной суммы 127 откладываем 3.0 руб.
2025-02-02 21:46:54,195 INFO in module services.py: С потраченной суммы 90 откладываем 10.0 руб.
2025-02-02 21:46:54,195 INFO in module services.py: С потраченной суммы 65 откладываем 4.640000000000001 руб.
2025-02-02 21:46:54,195 INFO in module services.py: С потраченной суммы 190 откладываем 10.0 руб.
2025-02-02 21:46:54,195 INFO in module services.py: С потраченной суммы 99 откладываем 1.0 руб.
2025-02-02 21:46:54,195 INFO in module services.py: С потраченной суммы 146 откладываем 4.0 руб.
2025-02-02 21:46:54,195 INFO in module services.py: С потраченной суммы 90 откладываем 10.0 руб.
2025-02-02 21:46:54,195 INFO in module services.py: С потраченной суммы 90 откладываем 10.0 руб.
2025-02-02 21:46:54,195 INFO in module services.py: С потраченной суммы 194 откладываем 5.139999999999986 руб.
2025-02-02 21:46:54,195 INFO in module services.py: С потраченной суммы 132 откладываем 8.0 руб.
2025-02-02 21:46:54,195 INFO in module services.py: С потраченной суммы 378 откладываем 2.0 руб.
2025-02-02 21:46:54,195 INFO in module services.py: С потраченной суммы 6000 откладываем 10.0 руб.
2025-02-02 21:46:54,195 INFO in module services.py: С потраченной суммы 90 откладываем 10.0 руб.
2025-02-02 21:46:54,196 INFO in module services.py: С потраченной суммы 59 откладываем 1.0 руб.
2025-02-02 21:46:54,196 INFO in module services.py: С потраченной суммы 30 откладываем 10.0 руб.
2025-02-02 21:46:54,196 INFO in module services.py: С потраченной суммы 499 откладываем 1.0 руб.
2025-02-02 21:46:54,196 INFO in module services.py: С потраченной суммы 90 откладываем 10.0 руб.
2025-02-02 21:46:54,196 INFO in module services.py: С потраченной суммы 10 откладываем 10.0 руб.
2025-02-02 21:46:54,196 INFO in module services.py: С потраченной суммы 30 откладываем 10.0 руб.
2025-02-02 21:46:54,196 INFO in module services.py: С потраченной суммы 70 откладываем 10.0 руб.
2025-02-02 21:46:54,196 INFO in module services.py: С потраченной суммы 205 откладываем 5.0 руб.
2025-02-02 21:46:54,196 INFO in module services.py: С потраченной суммы 305 откладываем 5.0 руб.
2025-02-02 21:46:54,196 INFO in module services.py: С потраченной суммы 99 откладываем 1.0 руб.
2025-02-02 21:46:54,196 INFO in module services.py: С потраченной суммы 400 откладываем 10.0 руб.
2025-02-02 21:46:54,196 INFO in module services.py: С потраченной суммы 60 откладываем 10.0 руб.
2025-02-02 21:46:54,196 INFO in module services.py: С потраченной суммы 132 откладываем 8.0 руб.
2025-02-02 21:46:54,197 INFO in module services.py: С потраченной суммы 181 откладываем 8.509999999999991 руб.
2025-02-02 21:46:54,208 INFO in module services.py: С потраченной суммы 300 откладываем 10.0 руб.
2025-02-02 21:46:54,208 INFO in module services.py: С потраченной суммы 90 откладываем 10.0 руб.
2025-02-02 21:46:54,208 INFO in module services.py: С потраченной суммы 949 откладываем 0.2999999999999545 руб.
2025-02-02 21:46:54,208 INFO in module services.py: С потраченной суммы 926 откладываем 3.7999999999999545 руб.
2025-02-02 21:46:54,208 INFO in module services.py: С потраченной суммы 27 откладываем 2.1000000000000014 руб.
2025-02-02 21:46:54,209 INFO in module services.py: С потраченной суммы 82 откладываем 8.0 руб.
2025-02-02 21:46:54,209 INFO in module services.py: С потраченной суммы 114 откладываем 6.0 руб.
2025-02-02 21:46:54,209 INFO in module services.py: С потраченной суммы 107 откладываем 3.0 руб.
2025-02-02 21:46:54,209 INFO in module services.py: С потраченной суммы 282 откладываем 8.0 руб.
2025-02-02 21:46:54,209 INFO in module services.py: С потраченной суммы 13 откладываем 7.0 руб.
2025-02-02 21:46:54,209 INFO in module services.py: С потраченной суммы 90 откладываем 10.0 руб.
2025-02-02 21:46:54,209 INFO in module services.py: С потраченной суммы 520 откладываем 10.0 руб.
2025-02-02 21:46:54,209 INFO in module services.py: С потраченной суммы 274 откладываем 6.0 руб.
2025-02-02 21:46:54,209 INFO in module services.py: С потраченной суммы 4000 откладываем 10.0 руб.
2025-02-02 21:46:54,209 INFO in module services.py: С потраченной суммы 69 откладываем 0.5 руб.
2025-02-02 21:46:54,209 INFO in module services.py: С потраченной суммы 99 откладываем 0.010000000000005116 руб.
2025-02-02 21:46:54,209 INFO in module services.py: С потраченной суммы 156 откладываем 3.3300000000000125 руб.
2025-02-02 21:46:54,210 INFO in module services.py: С потраченной суммы 17999 откладываем 1.0 руб.
2025-02-02 21:46:54,210 INFO in module services.py: С потраченной суммы 180 откладываем 10.0 руб.
2025-02-02 21:46:54,210 INFO in module services.py: С потраченной суммы 1208 откладываем 1.0699999999999363 руб.
2025-02-02 21:46:54,210 INFO in module services.py: С потраченной суммы 186 откладываем 4.0 руб.
2025-02-02 21:46:54,210 INFO in module services.py: С потраченной суммы 168 откладываем 2.0 руб.
2025-02-02 21:46:54,210 INFO in module services.py: С потраченной суммы 90 откладываем 10.0 руб.
2025-02-02 21:46:54,210 INFO in module services.py: С потраченной суммы 3000 откладываем 10.0 руб.
2025-02-02 21:46:54,210 INFO in module services.py: С потраченной суммы 3000 откладываем 10.0 руб.
2025-02-02 21:46:54,210 INFO in module services.py: С потраченной суммы 3000 откладываем 10.0 руб.
2025-02-02 21:46:54,210 INFO in module services.py: С потраченной суммы 20 откладываем 10.0 руб.
2025-02-02 21:46:54,210 INFO in module services.py: С потраченной суммы 190 откладываем 10.0 руб.
2025-02-02 21:46:54,210 INFO in module services.py: С потраченной суммы 108 откладываем 2.0 руб.
2025-02-02 21:46:54,211 INFO in module services.py: С потраченной суммы 350 откладываем 10.0 руб.
2025-02-02 21:46:54,211 INFO in module services.py: С потраченной суммы 500 откладываем 10.0 руб.
2025-02-02 21:46:54,211 INFO in module services.py: С потраченной суммы 250 откладываем 10.0 руб.
2025-02-02 21:46:54,211 INFO in module services.py: С потраченной суммы 61 откладываем 8.880000000000003 руб.
2025-02-02 21:46:54,211 INFO in module services.py: С потраченной суммы 95 откладываем 5.0 руб.
2025-02-02 21:46:54,211 INFO in module services.py: С потраченной суммы 84 откладываем 6.0 руб.
2025-02-02 21:46:54,211 INFO in module services.py: С потраченной суммы 18 откладываем 1.1000000000000014 руб.
2025-02-02 21:46:54,211 INFO in module services.py: С потраченной суммы 50 откладываем 10.0 руб.
2025-02-02 21:46:54,211 INFO in module services.py: С потраченной суммы 59 откладываем 1.0 руб.
2025-02-02 21:46:54,211 INFO in module services.py: С потраченной суммы 210 откладываем 9.199999999999989 руб.
2025-02-02 21:46:54,211 INFO in module services.py: С потраченной суммы 219 откладываем 0.5 руб.
2025-02-02 21:46:54,211 INFO in module services.py: С потраченной суммы 59 откладываем 1.0 руб.
2025-02-02 21:46:54,212 INFO in module services.py: С потраченной суммы 317 откладываем 3.0 руб.
2025-02-02 21:46:54,223 INFO in module services.py: С потраченной суммы 168 откладываем 1.039999999999992 руб.
2025-02-02 21:46:54,223 INFO in module services.py: С потраченной суммы 50 откладываем 10.0 руб.
2025-02-02 21:46:54,223 INFO in module services.py: С потраченной суммы 500 откладываем 10.0 руб.
2025-02-02 21:46:54,223 INFO in module services.py: С потраченной суммы 18 откладываем 1.1000000000000014 руб.
2025-02-02 21:46:54,223 INFO in module services.py: С потраченной суммы 90 откладываем 10.0 руб.
2025-02-02 21:46:54,223 INFO in module services.py: С потраченной суммы 168 откладываем 2.0 руб.
2025-02-02 21:46:54,223 INFO in module services.py: С потраченной суммы 111 откладываем 8.650000000000006 руб.
2025-02-02 21:46:54,223 INFO in module services.py: С потраченной суммы 148 откладываем 2.0 руб.
2025-02-02 21:46:54,223 INFO in module services.py: С потраченной суммы 220 откладываем 10.0 руб.
2025-02-02 21:46:54,223 INFO in module services.py: С потраченной суммы 84 откладываем 5.75 руб.
2025-02-02 21:46:54,224 INFO in module services.py: С потраченной суммы 59 откладываем 1.0 руб.
2025-02-02 21:46:54,224 INFO in module services.py: С потраченной суммы 85 откладываем 4.5 руб.
2025-02-02 21:46:54,224 INFO in module services.py: С потраченной суммы 84 откладываем 6.0 руб.
2025-02-02 21:46:54,224 INFO in module services.py: С потраченной суммы 500 откладываем 10.0 руб.
2025-02-02 21:46:54,224 INFO in module services.py: С потраченной суммы 182 откладываем 8.0 руб.
2025-02-02 21:46:54,224 INFO in module services.py: С потраченной суммы 148 откладываем 1.2700000000000102 руб.
2025-02-02 21:46:54,224 INFO in module services.py: С потраченной суммы 231 откладываем 8.580000000000013 руб.
2025-02-02 21:46:54,224 INFO in module services.py: С потраченной суммы 105 откладываем 4.819999999999993 руб.
2025-02-02 21:46:54,224 INFO in module services.py: С потраченной суммы 93 откладываем 7.0 руб.
2025-02-02 21:46:54,224 INFO in module services.py: С потраченной суммы 21 откладываем 8.600000000000001 руб.
2025-02-02 21:46:54,224 INFO in module services.py: С потраченной суммы 90 откладываем 10.0 руб.
2025-02-02 21:46:54,225 INFO in module services.py: Всего отложили 949.05 руб.
2025-02-02 21:46:54,225 INFO in module services.py: ------------------------------
2025-02-02 21:47:50,292 INFO in module services.py: Анализируем 6705 записей.
2025-02-02 21:47:50,293 INFO in module services.py: Порог округления: 50 руб.
2025-02-02 21:47:50,398 INFO in module services.py: фильтруем расходы за период с 2019-12-01 00:00:00 по 2019-12-31 23:59:59
2025-02-02 21:47:50,402 INFO in module services.py: Анализируем 121 записей по расходам.
2025-02-02 21:47:50,402 INFO in module services.py: С потраченной суммы 59 откладываем 41.0 руб.
2025-02-02 21:47:50,402 INFO in module services.py: С потраченной суммы 17 откладываем 32.18 руб.
2025-02-02 21:47:50,402 INFO in module services.py: С потраченной суммы 149 откладываем 1.0 руб.
2025-02-02 21:47:50,402 INFO in module services.py: С потраченной суммы 546 откладываем 4.0 руб.
2025-02-02 21:47:50,402 INFO in module services.py: С потраченной суммы 922 откладываем 28.0 руб.
2025-02-02 21:47:50,403 INFO in module services.py: С потраченной суммы 41 откладываем 8.2 руб.
2025-02-02 21:47:50,403 INFO in module services.py: С потраченной суммы 81 откладываем 19.0 руб.
2025-02-02 21:47:50,403 INFO in module services.py: С потраченной суммы 1000 откладываем 50.0 руб.
2025-02-02 21:47:50,403 INFO in module services.py: С потраченной суммы 87 откладываем 12.13 руб.
2025-02-02 21:47:50,403 INFO in module services.py: С потраченной суммы 68 откладываем 32.0 руб.
2025-02-02 21:47:50,403 INFO in module services.py: С потраченной суммы 64 откладываем 36.0 руб.
2025-02-02 21:47:50,403 INFO in module services.py: С потраченной суммы 90 откладываем 10.0 руб.
2025-02-02 21:47:50,403 INFO in module services.py: С потраченной суммы 300 откладываем 50.0 руб.
2025-02-02 21:47:50,403 INFO in module services.py: С потраченной суммы 30 откладываем 20.0 руб.
2025-02-02 21:47:50,403 INFO in module services.py: С потраченной суммы 968 откладываем 32.0 руб.
2025-02-02 21:47:50,403 INFO in module services.py: С потраченной суммы 59 откладываем 41.0 руб.
2025-02-02 21:47:50,403 INFO in module services.py: С потраченной суммы 90 откладываем 10.0 руб.
2025-02-02 21:47:50,403 INFO in module services.py: С потраченной суммы 175 откладываем 24.92 руб.
2025-02-02 21:47:50,404 INFO in module services.py: С потраченной суммы 125 откладываем 24.4 руб.
2025-02-02 21:47:50,404 INFO in module services.py: С потраченной суммы 90 откладываем 10.0 руб.
2025-02-02 21:47:50,404 INFO in module services.py: С потраченной суммы 10 откладываем 40.0 руб.
2025-02-02 21:47:50,404 INFO in module services.py: С потраченной суммы 19666 откладываем 34.0 руб.
2025-02-02 21:47:50,404 INFO in module services.py: С потраченной суммы 106 откладываем 44.0 руб.
2025-02-02 21:47:50,404 INFO in module services.py: С потраченной суммы 1300 откладываем 50.0 руб.
2025-02-02 21:47:50,404 INFO in module services.py: С потраченной суммы 196 откладываем 4.0 руб.
2025-02-02 21:47:50,404 INFO in module services.py: С потраченной суммы 132 откладываем 18.0 руб.
2025-02-02 21:47:50,404 INFO in module services.py: С потраченной суммы 222 откладываем 28.0 руб.
2025-02-02 21:47:50,405 INFO in module services.py: С потраченной суммы 114 откладываем 36.0 руб.
2025-02-02 21:47:50,405 INFO in module services.py: С потраченной суммы 90 откладываем 10.0 руб.
2025-02-02 21:47:50,405 INFO in module services.py: С потраченной суммы 1524 откладываем 25.76 руб.
2025-02-02 21:47:50,405 INFO in module services.py: С потраченной суммы 211 откладываем 39.0 руб.
2025-02-02 21:47:50,405 INFO in module services.py: С потраченной суммы 66 откладываем 34.0 руб.
2025-02-02 21:47:50,405 INFO in module services.py: С потраченной суммы 1000 откладываем 50.0 руб.
2025-02-02 21:47:50,405 INFO in module services.py: С потраченной суммы 90 откладываем 10.0 руб.
2025-02-02 21:47:50,405 INFO in module services.py: С потраченной суммы 76 откладываем 24.0 руб.
2025-02-02 21:47:50,405 INFO in module services.py: С потраченной суммы 83 откладываем 16.07 руб.
2025-02-02 21:47:50,405 INFO in module services.py: С потраченной суммы 90 откладываем 10.0 руб.
2025-02-02 21:47:50,406 INFO in module services.py: С потраченной суммы 15 откладываем 34.9 руб.
2025-02-02 21:47:50,406 INFO in module services.py: С потраченной суммы 93 откладываем 6.72 руб.
2025-02-02 21:47:50,406 INFO in module services.py: С потраченной суммы 66 откладываем 34.0 руб.
2025-02-02 21:47:50,406 INFO in module services.py: С потраченной суммы 180 откладываем 20.0 руб.
2025-02-02 21:47:50,406 INFO in module services.py: С потраченной суммы 99 откладываем 1.0 руб.
2025-02-02 21:47:50,406 INFO in module services.py: С потраченной суммы 90 откладываем 10.0 руб.
2025-02-02 21:47:50,406 INFO in module services.py: С потраченной суммы 1343 откладываем 7.0 руб.
2025-02-02 21:47:50,406 INFO in module services.py: С потраченной суммы 990 откладываем 10.0 руб.
2025-02-02 21:47:50,406 INFO in module services.py: С потраченной суммы 222 откладываем 28.0 руб.
2025-02-02 21:47:50,406 INFO in module services.py: С потраченной суммы 69 откладываем 31.0 руб.
2025-02-02 21:47:50,406 INFO in module services.py: С потраченной суммы 192 откладываем 8.0 руб.
2025-02-02 21:47:50,406 INFO in module services.py: С потраченной суммы 111 откладываем 39.0 руб.
2025-02-02 21:47:50,406 INFO in module services.py: С потраченной суммы 180 откладываем 20.0 руб.
2025-02-02 21:47:50,407 INFO in module services.py: С потраченной суммы 84 откладываем 15.51 руб.
2025-02-02 21:47:50,407 INFO in module services.py: С потраченной суммы 215 откладываем 34.1 руб.
2025-02-02 21:47:50,407 INFO in module services.py: С потраченной суммы 66 откладываем 34.0 руб.
2025-02-02 21:47:50,407 INFO in module services.py: С потраченной суммы 258 откладываем 42.0 руб.
2025-02-02 21:47:50,407 INFO in module services.py: С потраченной суммы 113 откладываем 36.2 руб.
2025-02-02 21:47:50,407 INFO in module services.py: С потраченной суммы 90 откладываем 10.0 руб.
2025-02-02 21:47:50,407 INFO in module services.py: С потраченной суммы 300 откладываем 50.0 руб.
2025-02-02 21:47:50,407 INFO in module services.py: С потраченной суммы 115 откладываем 35.0 руб.
2025-02-02 21:47:50,407 INFO in module services.py: С потраченной суммы 90 откладываем 10.0 руб.
2025-02-02 21:47:50,407 INFO in module services.py: С потраченной суммы 90 откладываем 10.0 руб.
2025-02-02 21:47:50,407 INFO in module services.py: С потраченной суммы 401 откладываем 48.9 руб.
2025-02-02 21:47:50,407 INFO in module services.py: С потраченной суммы 34 откладываем 16.0 руб.
2025-02-02 21:47:50,407 INFO in module services.py: С потраченной суммы 102 откладываем 47.5 руб.
2025-02-02 21:47:50,419 INFO in module services.py: С потраченной суммы 38 откладываем 12.0 руб.
2025-02-02 21:47:50,419 INFO in module services.py: С потраченной суммы 264 откладываем 36.0 руб.
2025-02-02 21:47:50,419 INFO in module services.py: С потраченной суммы 59 откладываем 41.0 руб.
2025-02-02 21:47:50,419 INFO in module services.py: С потраченной суммы 90 откладываем 10.0 руб.
2025-02-02 21:47:50,419 INFO in module services.py: С потраченной суммы 500 откладываем 50.0 руб.
2025-02-02 21:47:50,419 INFO in module services.py: С потраченной суммы 104 откладываем 45.3 руб.
2025-02-02 21:47:50,420 INFO in module services.py: С потраченной суммы 69 откладываем 31.0 руб.
2025-02-02 21:47:50,420 INFO in module services.py: С потраченной суммы 161 откладываем 39.0 руб.
2025-02-02 21:47:50,420 INFO in module services.py: С потраченной суммы 99 откладываем 1.0 руб.
2025-02-02 21:47:50,420 INFO in module services.py: С потраченной суммы 221 откладываем 29.0 руб.
2025-02-02 21:47:50,420 INFO in module services.py: С потраченной суммы 90 откладываем 10.0 руб.
2025-02-02 21:47:50,420 INFO in module services.py: С потраченной суммы 199 откладываем 1.0 руб.
2025-02-02 21:47:50,420 INFO in module services.py: С потраченной суммы 50 откладываем 50.0 руб.
2025-02-02 21:47:50,420 INFO in module services.py: С потраченной суммы 180 откладываем 20.0 руб.
2025-02-02 21:47:50,420 INFO in module services.py: С потраченной суммы 66 откладываем 34.0 руб.
2025-02-02 21:47:50,420 INFO in module services.py: С потраченной суммы 192 откладываем 8.0 руб.
2025-02-02 21:47:50,420 INFO in module services.py: С потраченной суммы 273 откладываем 26.26 руб.
2025-02-02 21:47:50,420 INFO in module services.py: С потраченной суммы 345 откладываем 4.43 руб.
2025-02-02 21:47:50,420 INFO in module services.py: С потраченной суммы 99 откладываем 1.0 руб.
2025-02-02 21:47:50,421 INFO in module services.py: С потраченной суммы 99 откладываем 1.0 руб.
2025-02-02 21:47:50,421 INFO in module services.py: С потраченной суммы 210 откладываем 40.0 руб.
2025-02-02 21:47:50,421 INFO in module services.py: С потраченной суммы 1000 откладываем 50.0 руб.
2025-02-02 21:47:50,421 INFO in module services.py: С потраченной суммы 69 откладываем 31.0 руб.
2025-02-02 21:47:50,421 INFO in module services.py: С потраченной суммы 264 откладываем 36.0 руб.
2025-02-02 21:47:50,421 INFO in module services.py: С потраченной суммы 1233 откладываем 17.0 руб.
2025-02-02 21:47:50,421 INFO in module services.py: С потраченной суммы 257 откладываем 42.11 руб.
2025-02-02 21:47:50,421 INFO in module services.py: С потраченной суммы 186 откладываем 14.0 руб.
2025-02-02 21:47:50,421 INFO in module services.py: С потраченной суммы 513 откладываем 37.0 руб.
2025-02-02 21:47:50,421 INFO in module services.py: С потраченной суммы 82 откладываем 18.0 руб.
2025-02-02 21:47:50,421 INFO in module services.py: С потраченной суммы 90 откладываем 10.0 руб.
2025-02-02 21:47:50,421 INFO in module services.py: С потраченной суммы 212 откладываем 38.0 руб.
2025-02-02 21:47:50,422 INFO in module services.py: С потраченной суммы 1300 откладываем 50.0 руб.
2025-02-02 21:47:50,422 INFO in module services.py: С потраченной суммы 90 откладываем 10.0 руб.
2025-02-02 21:47:50,422 INFO in module services.py: С потраченной суммы 100 откладываем 49.62 руб.
2025-02-02 21:47:50,422 INFO in module services.py: С потраченной суммы 10 откладываем 40.0 руб.
2025-02-02 21:47:50,422 INFO in module services.py: С потраченной суммы 105 откладываем 45.0 руб.
2025-02-02 21:47:50,422 INFO in module services.py: С потраченной суммы 100 откладываем 50.0 руб.
2025-02-02 21:47:50,422 INFO in module services.py: С потраченной суммы 280 откладываем 20.0 руб.
2025-02-02 21:47:50,422 INFO in module services.py: С потраченной суммы 48 откладываем 2.0 руб.
2025-02-02 21:47:50,422 INFO in module services.py: С потраченной суммы 59 откладываем 41.0 руб.
2025-02-02 21:47:50,422 INFO in module services.py: С потраченной суммы 120 откладываем 30.0 руб.
2025-02-02 21:47:50,422 INFO in module services.py: С потраченной суммы 60 откладываем 40.0 руб.
2025-02-02 21:47:50,422 INFO in module services.py: С потраченной суммы 60 откладываем 40.0 руб.
2025-02-02 21:47:50,434 INFO in module services.py: С потраченной суммы 65 откладываем 35.0 руб.
2025-02-02 21:47:50,434 INFO in module services.py: С потраченной суммы 195 откладываем 5.0 руб.
2025-02-02 21:47:50,434 INFO in module services.py: С потраченной суммы 60 откладываем 40.0 руб.
2025-02-02 21:47:50,434 INFO in module services.py: С потраченной суммы 100 откладываем 50.0 руб.
2025-02-02 21:47:50,434 INFO in module services.py: С потраченной суммы 221 откладываем 28.15 руб.
2025-02-02 21:47:50,434 INFO in module services.py: С потраченной суммы 109 откладываем 41.0 руб.
2025-02-02 21:47:50,434 INFO in module services.py: С потраченной суммы 306 откладываем 44.0 руб.
2025-02-02 21:47:50,434 INFO in module services.py: С потраченной суммы 250 откладываем 50.0 руб.
2025-02-02 21:47:50,435 INFO in module services.py: С потраченной суммы 220 откладываем 29.88 руб.
2025-02-02 21:47:50,435 INFO in module services.py: С потраченной суммы 438 откладываем 12.0 руб.
2025-02-02 21:47:50,435 INFO in module services.py: С потраченной суммы 119 откладываем 30.01 руб.
2025-02-02 21:47:50,435 INFO in module services.py: С потраченной суммы 249 откладываем 0.02 руб.
2025-02-02 21:47:50,435 INFO in module services.py: С потраченной суммы 30 откладываем 20.0 руб.
2025-02-02 21:47:50,435 INFO in module services.py: С потраченной суммы 104 откладываем 46.0 руб.
2025-02-02 21:47:50,435 INFO in module services.py: С потраченной суммы 247 откладываем 3.0 руб.
2025-02-02 21:47:50,435 INFO in module services.py: Всего отложили 3232.27 руб.
2025-02-02 21:47:50,435 INFO in module services.py: ------------------------------
2025-02-02 22:34:09,083 INFO in module services.py: Анализируем 9 записей.
2025-02-02 22:34:09,083 INFO in module services.py: Порог округления: 50 руб.
2025-02-02 22:34:19,076 INFO in module services.py: Анализируем 18 записей.
2025-02-02 22:34:19,076 INFO in module services.py: Порог округления: 50 руб.
2025-02-02 22:36:10,057 INFO in module services.py: Анализируем 9 записей.
2025-02-02 22:36:10,057 INFO in module services.py: Порог округления: 50 руб.
2025-02-02 22:36:44,032 INFO in module services.py: Анализируем 9 записей.
2025-02-02 22:36:44,343 INFO in module services.py: Порог округления: 50 руб.
2025-02-02 22:37:06,136 INFO in module services.py: Анализируем 9 записей.
2025-02-02 22:37:06,136 INFO in module services.py: Порог округления: 50 руб.
2025-02-02 22:39:34,322 INFO in module services.py: Анализируем 9 записей.
2025-02-02 22:39:34,323 INFO in module services.py: Порог округления: 50 руб.
2025-02-02 22:39:48,920 INFO in module services.py: фильтруем расходы за период с 2024-12-01 00:00:00 по 2024-12-31 23:59:59
2025-02-02 22:39:48,920 INFO in module services.py: Анализируем 8 записей по расходам.
2025-02-02 22:39:48,921 INFO in module services.py: С потраченной суммы 1 откладываем 49.0 руб.
2025-02-02 22:39:48,922 INFO in module services.py: С потраченной суммы 1000 откладываем 50.0 руб.
2025-02-02 22:39:48,922 INFO in module services.py: С потраченной суммы 1000 откладываем 50.0 руб.
2025-02-02 22:39:48,923 INFO in module services.py: С потраченной суммы 1000 откладываем 50.0 руб.
2025-02-02 22:39:48,923 INFO in module services.py: С потраченной суммы 1000 откладываем 50.0 руб.
2025-02-02 22:39:48,923 INFO in module services.py: С потраченной суммы 1000 откладываем 50.0 руб.
2025-02-02 22:39:48,924 INFO in module services.py: С потраченной суммы 500 откладываем 50.0 руб.
2025-02-02 22:39:48,924 INFO in module services.py: С потраченной суммы 500 откладываем 50.0 руб.
2025-02-02 22:39:48,924 INFO in module services.py: Всего отложили 399.0 руб.
2025-02-02 22:39:48,925 INFO in module services.py: ------------------------------
2025-02-02 22:40:07,871 INFO in module services.py: Анализируем 9 записей.
2025-02-02 22:40:07,872 INFO in module services.py: Порог округления: 50 руб.
2025-02-02 22:40:07,873 INFO in module services.py: фильтруем расходы за период с 2024-12-01 00:00:00 по 2024-12-31 23:59:59
2025-02-02 22:40:07,873 INFO in module services.py: Анализируем 8 записей по расходам.
2025-02-02 22:40:07,873 INFO in module services.py: С потраченной суммы 1 откладываем 49.0 руб.
2025-02-02 22:40:07,873 INFO in module services.py: С потраченной суммы 1000 откладываем 50.0 руб.
2025-02-02 22:40:07,873 INFO in module services.py: С потраченной суммы 1000 откладываем 50.0 руб.
2025-02-02 22:40:07,873 INFO in module services.py: С потраченной суммы 1000 откладываем 50.0 руб.
2025-02-02 22:40:07,873 INFO in module services.py: С потраченной суммы 1000 откладываем 50.0 руб.
2025-02-02 22:40:07,873 INFO in module services.py: С потраченной суммы 1000 откладываем 50.0 руб.
2025-02-02 22:40:07,874 INFO in module services.py: С потраченной суммы 500 откладываем 50.0 руб.
2025-02-02 22:40:07,874 INFO in module services.py: С потраченной суммы 500 откладываем 50.0 руб.
2025-02-02 22:40:07,874 INFO in module services.py: Всего отложили 399.0 руб.
2025-02-02 22:40:07,874 INFO in module services.py: ------------------------------
2025-02-02 22:40:17,159 INFO in module services.py: Анализируем 18 записей.
2025-02-02 22:40:17,159 INFO in module services.py: Порог округления: 50 руб.
2025-02-02 22:40:17,160 INFO in module services.py: фильтруем расходы за период с 2024-12-01 00:00:00 по 2024-12-31 23:59:59
2025-02-02 22:40:17,160 INFO in module services.py: Анализируем 8 записей по расходам.
2025-02-02 22:40:17,160 INFO in module services.py: С потраченной суммы 1 откладываем 49.0 руб.
2025-02-02 22:40:17,160 INFO in module services.py: С потраченной суммы 1000 откладываем 50.0 руб.
2025-02-02 22:40:17,160 INFO in module services.py: С потраченной суммы 1000 откладываем 50.0 руб.
2025-02-02 22:40:17,160 INFO in module services.py: С потраченной суммы 1000 откладываем 50.0 руб.
2025-02-02 22:40:17,160 INFO in module services.py: С потраченной суммы 1000 откладываем 50.0 руб.
2025-02-02 22:40:17,160 INFO in module services.py: С потраченной суммы 1000 откладываем 50.0 руб.
2025-02-02 22:40:17,160 INFO in module services.py: С потраченной суммы 500 откладываем 50.0 руб.
2025-02-02 22:40:17,160 INFO in module services.py: С потраченной суммы 500 откладываем 50.0 руб.
2025-02-02 22:40:17,161 INFO in module services.py: Всего отложили 399.0 руб.
2025-02-02 22:40:17,161 INFO in module services.py: ------------------------------
2025-02-02 22:40:37,721 INFO in module services.py: Анализируем 9 записей.
2025-02-02 22:40:37,721 INFO in module services.py: Порог округления: 50 руб.
2025-02-02 22:40:37,723 INFO in module services.py: фильтруем расходы за период с 2024-12-01 00:00:00 по 2024-12-31 23:59:59
2025-02-02 22:40:37,724 INFO in module services.py: Анализируем 8 записей по расходам.
2025-02-02 22:40:37,725 INFO in module services.py: С потраченной суммы 1 откладываем 49.0 руб.
2025-02-02 22:40:37,725 INFO in module services.py: С потраченной суммы 1000 откладываем 50.0 руб.
2025-02-02 22:40:37,725 INFO in module services.py: С потраченной суммы 1000 откладываем 50.0 руб.
2025-02-02 22:40:37,725 INFO in module services.py: С потраченной суммы 1000 откладываем 50.0 руб.
2025-02-02 22:40:37,725 INFO in module services.py: С потраченной суммы 1000 откладываем 50.0 руб.
2025-02-02 22:40:37,725 INFO in module services.py: С потраченной суммы 1000 откладываем 50.0 руб.
2025-02-02 22:40:37,726 INFO in module services.py: С потраченной суммы 500 откладываем 50.0 руб.
2025-02-02 22:40:37,726 INFO in module services.py: С потраченной суммы 500 откладываем 50.0 руб.
2025-02-02 22:40:37,726 INFO in module services.py: Всего отложили 399.0 руб.
2025-02-02 22:40:37,726 INFO in module services.py: ------------------------------
2025-02-02 22:40:57,368 INFO in module services.py: Анализируем 18 записей.
2025-02-02 22:40:57,368 INFO in module services.py: Порог округления: 50 руб.
2025-02-02 22:40:57,370 INFO in module services.py: фильтруем расходы за период с 2024-12-01 00:00:00 по 2024-12-31 23:59:59
2025-02-02 22:40:57,370 INFO in module services.py: Анализируем 8 записей по расходам.
2025-02-02 22:40:57,370 INFO in module services.py: С потраченной суммы 1 откладываем 49.0 руб.
2025-02-02 22:40:57,370 INFO in module services.py: С потраченной суммы 1000 откладываем 50.0 руб.
2025-02-02 22:40:57,371 INFO in module services.py: С потраченной суммы 1000 откладываем 50.0 руб.
2025-02-02 22:40:57,371 INFO in module services.py: С потраченной суммы 1000 откладываем 50.0 руб.
2025-02-02 22:40:57,371 INFO in module services.py: С потраченной суммы 1000 откладываем 50.0 руб.
2025-02-02 22:40:57,371 INFO in module services.py: С потраченной суммы 1000 откладываем 50.0 руб.
2025-02-02 22:40:57,371 INFO in module services.py: С потраченной суммы 500 откладываем 50.0 руб.
2025-02-02 22:40:57,371 INFO in module services.py: С потраченной суммы 500 откладываем 50.0 руб.
2025-02-02 22:40:57,372 INFO in module services.py: Всего отложили 399.0 руб.
2025-02-02 22:40:57,372 INFO in module services.py: ------------------------------
