2025-02-02 21:53:13,954 INFO in module reports.py: Анализируем 6705 записей.
2025-02-02 21:53:13,954 INFO in module reports.py: фильтруем расходы за период с 2019-08-01 01:00:00 по 2019-11-01 01:00:00
2025-02-02 21:53:14,241 INFO in module reports.py: Анализируем 422 записей по расходам за период.
2025-02-02 21:53:56,348 INFO in module reports.py: Анализируем 6705 записей.
2025-02-02 21:53:56,349 INFO in module reports.py: фильтруем расходы за период с 2019-08-01 00:00:00 по 2019-11-01 00:00:00
2025-02-02 21:53:56,461 INFO in module reports.py: Анализируем 425 записей по расходам за период.
2025-02-02 21:59:29,783 INFO in module reports.py: Анализируем 6705 записей.
2025-02-02 21:59:29,798 INFO in module reports.py: фильтруем расходы за период с 2020-08-01 01:01:01 по 2020-11-01 01:01:01
2025-02-02 21:59:30,059 INFO in module reports.py: Анализируем 356 записей по расходам за период.
2025-02-02 21:59:30,097 INFO in module reports.py: По выходным за указанные 3 месяца в среднем тратилось 800.49 руб.
2025-02-02 21:59:30,097 INFO in module reports.py: По будням за указанные 3 месяца в среднем тратилось 763.72 руб.
2025-02-02 22:00:38,387 INFO in module reports.py: Анализируем 6705 записей.
2025-02-02 22:00:38,387 INFO in module reports.py: фильтруем расходы за период с 2019-02-01 01:00:00 по 2019-05-01 01:00:00
2025-02-02 22:00:38,404 INFO in module reports.py: Анализируем 430 записей по расходам за период.
2025-02-02 22:00:38,415 INFO in module reports.py: По выходным за указанные 3 месяца в среднем тратилось 1881.92 руб.
2025-02-02 22:00:38,416 INFO in module reports.py: По будням за указанные 3 месяца в среднем тратилось 1698.25 руб.
2025-02-02 22:00:38,416 INFO in module reports.py: ------------------------------
2025-02-02 22:34:08,081 INFO in module reports.py: Анализируем 9 записей.
2025-02-02 22:34:08,082 INFO in module reports.py: фильтруем расходы за период с 2024-09-29 23:00:00 по 2024-12-29 23:00:00
2025-02-02 22:34:08,210 INFO in module reports.py: Анализируем 7 записей по расходам за период.
2025-02-02 22:34:08,258 INFO in module reports.py: По выходным за указанные 3 месяца в среднем тратилось 1000.0 руб.
2025-02-02 22:34:08,259 INFO in module reports.py: По будням за указанные 3 месяца в среднем тратилось 500.0 руб.
2025-02-02 22:34:08,259 INFO in module reports.py: ------------------------------
2025-02-02 22:34:19,972 INFO in module reports.py: Анализируем 18 записей.
2025-02-02 22:34:19,972 INFO in module reports.py: фильтруем расходы за период с 2024-09-29 00:00:00 по 2024-12-29 00:00:00
2025-02-02 22:34:19,975 INFO in module reports.py: Анализируем 7 записей по расходам за период.
2025-02-02 22:34:19,979 INFO in module reports.py: По выходным за указанные 3 месяца в среднем тратилось 1000.0 руб.
2025-02-02 22:34:19,980 INFO in module reports.py: По будням за указанные 3 месяца в среднем тратилось 500.0 руб.
2025-02-02 22:34:19,980 INFO in module reports.py: ------------------------------
2025-02-02 22:40:06,994 INFO in module reports.py: Анализируем 9 записей.
2025-02-02 22:40:06,994 INFO in module reports.py: фильтруем расходы за период с 2024-09-29 23:00:00 по 2024-12-29 23:00:00
2025-02-02 22:40:06,998 INFO in module reports.py: Анализируем 7 записей по расходам за период.
2025-02-02 22:40:07,020 INFO in module reports.py: По выходным за указанные 3 месяца в среднем тратилось 1000.0 руб.
2025-02-02 22:40:07,021 INFO in module reports.py: По будням за указанные 3 месяца в среднем тратилось 500.0 руб.
2025-02-02 22:40:07,021 INFO in module reports.py: ------------------------------
2025-02-02 22:40:18,008 INFO in module reports.py: Анализируем 18 записей.
2025-02-02 22:40:18,008 INFO in module reports.py: фильтруем расходы за период с 2024-09-29 00:00:00 по 2024-12-29 00:00:00
2025-02-02 22:40:18,012 INFO in module reports.py: Анализируем 7 записей по расходам за период.
2025-02-02 22:40:18,016 INFO in module reports.py: По выходным за указанные 3 месяца в среднем тратилось 1000.0 руб.
2025-02-02 22:40:18,016 INFO in module reports.py: По будням за указанные 3 месяца в среднем тратилось 500.0 руб.
2025-02-02 22:40:18,016 INFO in module reports.py: ------------------------------
2025-02-02 22:40:35,966 INFO in module reports.py: Анализируем 9 записей.
2025-02-02 22:40:35,966 INFO in module reports.py: фильтруем расходы за период с 2024-09-29 23:00:00 по 2024-12-29 23:00:00
2025-02-02 22:40:35,973 INFO in module reports.py: Анализируем 7 записей по расходам за период.
2025-02-02 22:40:35,982 INFO in module reports.py: По выходным за указанные 3 месяца в среднем тратилось 1000.0 руб.
2025-02-02 22:40:35,982 INFO in module reports.py: По будням за указанные 3 месяца в среднем тратилось 500.0 руб.
2025-02-02 22:40:35,982 INFO in module reports.py: ------------------------------
2025-02-02 22:40:59,156 INFO in module reports.py: Анализируем 18 записей.
2025-02-02 22:40:59,157 INFO in module reports.py: фильтруем расходы за период с 2024-09-29 00:00:00 по 2024-12-29 00:00:00
2025-02-02 22:40:59,162 INFO in module reports.py: Анализируем 7 записей по расходам за период.
2025-02-02 22:40:59,169 INFO in module reports.py: По выходным за указанные 3 месяца в среднем тратилось 1000.0 руб.
2025-02-02 22:40:59,169 INFO in module reports.py: По будням за указанные 3 месяца в среднем тратилось 500.0 руб.
2025-02-02 22:40:59,169 INFO in module reports.py: ------------------------------
