2025-02-02 21:35:43,902 INFO in module utils.py: Данные из файла загружены успешно. Обнаружено 6705 записей
2025-02-02 21:35:56,577 INFO in module utils.py: Записи отфильтрованы за период с 2020-12-01 00:00:00 по 2020-12-01 12:00:00
2025-02-02 21:35:56,577 INFO in module utils.py: Обнаружено 5 записей
2025-02-02 21:35:56,578 INFO in module utils.py: Записи содержат только данные о расходах
2025-02-02 21:35:56,578 INFO in module utils.py: Обнаружено 5 записей
2025-02-02 21:35:56,579 INFO in module utils.py: Обнаружены записи по 1 картам 
2025-02-02 21:35:56,583 INFO in module utils.py: Анализируем 5 записей для поиска 5 самых крупных транзакций 
2025-02-02 21:35:56,584 INFO in module utils.py: Сформировано 5 записей
2025-02-02 21:36:14,756 INFO in module utils.py: Данные из файла загружены успешно. Обнаружено 6705 записей
2025-02-02 21:36:23,714 INFO in module utils.py: Записи отфильтрованы за период с 2019-11-01 00:00:00 по 2019-11-30 23:59:59
2025-02-02 21:36:23,714 INFO in module utils.py: Обнаружено 154 записей
2025-02-02 21:36:23,715 INFO in module utils.py: Записи содержат только данные о расходах
2025-02-02 21:36:23,715 INFO in module utils.py: Обнаружено 144 записей
2025-02-02 21:36:23,730 INFO in module utils.py: Анализируем 144 записей для поиска Сумма платежа самых затратных категорий 
2025-02-02 21:36:23,777 INFO in module utils.py: Общий расход: 54190 по 7 категориям
2025-02-02 21:36:23,786 INFO in module utils.py: Анализируем 5 записей для поиска Сумма платежа самых затратных категорий 
2025-02-02 21:36:23,799 INFO in module utils.py: Общий расход: 16366 по 2 категориям
2025-02-02 21:36:23,867 INFO in module utils.py: Записи отфильтрованы за период с 2019-11-01 00:00:00 по 2019-11-30 23:59:59
2025-02-02 21:36:23,868 INFO in module utils.py: Обнаружено 154 записей
2025-02-02 21:36:23,868 INFO in module utils.py: Записи содержат только данные о поступлениях
2025-02-02 21:36:23,868 INFO in module utils.py: Обнаружено 10 записей
2025-02-02 21:36:23,869 INFO in module utils.py: Анализируем 10 записей для поиска Сумма платежа самых затратных категорий 
2025-02-02 21:36:23,871 INFO in module utils.py: Общий расход: 15510 по 3 категориям
2025-02-02 21:45:09,196 INFO in module utils.py: Данные из файла загружены успешно. Обнаружено 6705 записей
2025-02-02 21:46:53,546 INFO in module utils.py: Данные из файла загружены успешно. Обнаружено 6705 записей
2025-02-02 21:47:49,754 INFO in module utils.py: Данные из файла загружены успешно. Обнаружено 6705 записей
2025-02-02 21:53:13,953 INFO in module utils.py: Данные из файла загружены успешно. Обнаружено 6705 записей
2025-02-02 21:53:14,225 INFO in module utils.py: Записи отфильтрованы за период с 2019-08-01 01:00:00 по 2019-11-01 01:00:00
2025-02-02 21:53:14,225 INFO in module utils.py: Обнаружено 457 записей
2025-02-02 21:53:14,226 INFO in module utils.py: Записи содержат только данные о расходах
2025-02-02 21:53:14,226 INFO in module utils.py: Обнаружено 422 записей
2025-02-02 21:53:56,347 INFO in module utils.py: Данные из файла загружены успешно. Обнаружено 6705 записей
2025-02-02 21:53:56,456 INFO in module utils.py: Записи отфильтрованы за период с 2019-08-01 00:00:00 по 2019-11-01 00:00:00
2025-02-02 21:53:56,457 INFO in module utils.py: Обнаружено 460 записей
2025-02-02 21:53:56,459 INFO in module utils.py: Записи содержат только данные о расходах
2025-02-02 21:53:56,459 INFO in module utils.py: Обнаружено 425 записей
2025-02-02 21:59:29,777 INFO in module utils.py: Данные из файла загружены успешно. Обнаружено 6705 записей
2025-02-02 21:59:30,056 INFO in module utils.py: Записи отфильтрованы за период с 2020-08-01 01:01:01 по 2020-11-01 01:01:01
2025-02-02 21:59:30,057 INFO in module utils.py: Обнаружено 384 записей
2025-02-02 21:59:30,058 INFO in module utils.py: Записи содержат только данные о расходах
2025-02-02 21:59:30,058 INFO in module utils.py: Обнаружено 356 записей
2025-02-02 22:00:38,387 INFO in module utils.py: Данные из файла загружены успешно. Обнаружено 6705 записей
2025-02-02 22:00:38,402 INFO in module utils.py: Записи отфильтрованы за период с 2019-02-01 01:00:00 по 2019-05-01 01:00:00
2025-02-02 22:00:38,402 INFO in module utils.py: Обнаружено 471 записей
2025-02-02 22:00:38,403 INFO in module utils.py: Записи содержат только данные о расходах
2025-02-02 22:00:38,403 INFO in module utils.py: Обнаружено 430 записей
2025-02-02 22:34:08,080 INFO in module utils.py: Данные из файла загружены успешно. Обнаружено 9 записей
2025-02-02 22:34:08,203 INFO in module utils.py: Записи отфильтрованы за период с 2024-09-29 23:00:00 по 2024-12-29 23:00:00
2025-02-02 22:34:08,203 INFO in module utils.py: Обнаружено 7 записей
2025-02-02 22:34:08,207 INFO in module utils.py: Записи содержат только данные о расходах
2025-02-02 22:34:08,207 INFO in module utils.py: Обнаружено 7 записей
2025-02-02 22:34:09,081 INFO in module utils.py: Данные из файла загружены успешно. Обнаружено 9 записей
2025-02-02 22:34:10,423 INFO in module utils.py: Данные из файла загружены успешно. Обнаружено 9 записей
2025-02-02 22:34:11,337 INFO in module utils.py: Данные из файла загружены успешно. Обнаружено 18 записей
2025-02-02 22:34:11,355 INFO in module utils.py: Записи отфильтрованы за период с 2024-12-30 00:00:00 по 2024-12-30 01:00:00
2025-02-02 22:34:11,355 INFO in module utils.py: Обнаружено 2 записей
2025-02-02 22:34:11,356 INFO in module utils.py: Записи содержат только данные о расходах
2025-02-02 22:34:11,356 INFO in module utils.py: Обнаружено 1 записей
2025-02-02 22:34:12,203 INFO in module utils.py: Данные из файла загружены успешно. Обнаружено 18 записей
2025-02-02 22:34:12,206 INFO in module utils.py: Записи отфильтрованы за период с 2024-12-01 00:00:00 по 2025-01-01 00:00:00
2025-02-02 22:34:12,206 INFO in module utils.py: Обнаружено 16 записей
2025-02-02 22:34:12,207 INFO in module utils.py: Записи содержат только данные о расходах
2025-02-02 22:34:12,207 INFO in module utils.py: Обнаружено 8 записей
2025-02-02 22:34:12,208 INFO in module utils.py: Обнаружены записи по 2 картам 
2025-02-02 22:34:12,208 INFO in module utils.py: ------------------------------
2025-02-02 22:34:13,089 INFO in module utils.py: Данные из файла загружены успешно. Обнаружено 6 записей
2025-02-02 22:34:13,091 INFO in module utils.py: Анализируем 6 записей для поиска 6 самых крупных транзакций 
2025-02-02 22:34:13,092 INFO in module utils.py: Сформировано 6 записей
2025-02-02 22:34:13,092 INFO in module utils.py: ------------------------------
2025-02-02 22:34:13,940 INFO in module utils.py: Данные из файла загружены успешно. Обнаружено 6 записей
2025-02-02 22:34:14,791 INFO in module utils.py: Данные из файла загружены успешно. Обнаружено 6 записей
2025-02-02 22:34:14,792 INFO in module utils.py: Анализируем 6 записей для поиска 3 самых затратных категорий 
2025-02-02 22:34:14,808 INFO in module utils.py: Общий расход: 15 по 3 категориям
2025-02-02 22:34:14,809 INFO in module utils.py: ------------------------------
2025-02-02 22:34:15,657 INFO in module utils.py: Данные из файла загружены успешно. Обнаружено 6 записей
2025-02-02 22:34:16,442 INFO in module utils.py: Данные из файла загружены успешно. Обнаружено 6 записей
2025-02-02 22:34:17,288 INFO in module utils.py: Данные из файла загружены успешно. Обнаружено 9 записей
2025-02-02 22:34:17,290 INFO in module utils.py: Записи отфильтрованы за период с 2021-12-01 00:00:00 по 2021-12-31 11:00:00
2025-02-02 22:34:17,290 INFO in module utils.py: Обнаружено 0 записей
2025-02-02 22:34:17,291 INFO in module utils.py: Записи содержат только данные о расходах
2025-02-02 22:34:17,291 INFO in module utils.py: Обнаружено 0 записей
2025-02-02 22:34:17,316 INFO in module utils.py: Обнаружены записи по 0 картам 
2025-02-02 22:34:17,316 INFO in module utils.py: ------------------------------
2025-02-02 22:34:17,327 INFO in module utils.py: Анализируем 0 записей для поиска 5 самых крупных транзакций 
2025-02-02 22:34:17,328 INFO in module utils.py: Сформировано 0 записей
2025-02-02 22:34:17,328 INFO in module utils.py: ------------------------------
2025-02-02 22:34:18,184 INFO in module utils.py: Данные из файла загружены успешно. Обнаружено 9 записей
2025-02-02 22:34:18,186 INFO in module utils.py: Записи отфильтрованы за период с 2021-12-01 00:00:00 по 2021-12-31 23:59:59
2025-02-02 22:34:18,186 INFO in module utils.py: Обнаружено 0 записей
2025-02-02 22:34:18,187 INFO in module utils.py: Записи содержат только данные о расходах
2025-02-02 22:34:18,187 INFO in module utils.py: Обнаружено 0 записей
2025-02-02 22:34:18,188 INFO in module utils.py: Анализируем 0 записей для поиска 7 самых затратных категорий 
2025-02-02 22:34:18,191 INFO in module utils.py: Общий расход: 0 по 0 категориям
2025-02-02 22:34:18,191 INFO in module utils.py: ------------------------------
2025-02-02 22:34:18,212 INFO in module utils.py: Анализируем 0 записей для поиска 2 самых затратных категорий 
2025-02-02 22:34:18,214 INFO in module utils.py: Общий расход: 0 по 0 категориям
2025-02-02 22:34:18,214 INFO in module utils.py: ------------------------------
2025-02-02 22:34:18,216 INFO in module utils.py: Записи отфильтрованы за период с 2021-12-01 00:00:00 по 2021-12-31 23:59:59
2025-02-02 22:34:18,216 INFO in module utils.py: Обнаружено 0 записей
2025-02-02 22:34:18,217 INFO in module utils.py: Записи содержат только данные о поступлениях
2025-02-02 22:34:18,217 INFO in module utils.py: Обнаружено 0 записей
2025-02-02 22:34:18,217 INFO in module utils.py: ------------------------------
2025-02-02 22:34:18,217 INFO in module utils.py: Анализируем 0 записей для поиска 0 самых затратных категорий 
2025-02-02 22:34:18,219 INFO in module utils.py: Общий расход: 0 по 0 категориям
2025-02-02 22:34:18,219 INFO in module utils.py: ------------------------------
2025-02-02 22:34:19,073 INFO in module utils.py: Данные из файла загружены успешно. Обнаружено 18 записей
2025-02-02 22:34:19,972 INFO in module utils.py: Данные из файла загружены успешно. Обнаружено 18 записей
2025-02-02 22:34:19,974 INFO in module utils.py: Записи отфильтрованы за период с 2024-09-29 00:00:00 по 2024-12-29 00:00:00
2025-02-02 22:34:19,974 INFO in module utils.py: Обнаружено 14 записей
2025-02-02 22:34:19,974 INFO in module utils.py: Записи содержат только данные о расходах
2025-02-02 22:34:19,975 INFO in module utils.py: Обнаружено 7 записей
2025-02-02 22:36:10,055 INFO in module utils.py: Данные из файла загружены успешно. Обнаружено 9 записей
2025-02-02 22:36:38,105 INFO in module utils.py: Данные из файла загружены успешно. Обнаружено 9 записей
2025-02-02 22:37:05,492 INFO in module utils.py: Данные из файла загружены успешно. Обнаружено 9 записей
2025-02-02 22:39:34,315 INFO in module utils.py: Данные из файла загружены успешно. Обнаружено 9 записей
2025-02-02 22:40:06,994 INFO in module utils.py: Данные из файла загружены успешно. Обнаружено 9 записей
2025-02-02 22:40:06,997 INFO in module utils.py: Записи отфильтрованы за период с 2024-09-29 23:00:00 по 2024-12-29 23:00:00
2025-02-02 22:40:06,997 INFO in module utils.py: Обнаружено 7 записей
2025-02-02 22:40:06,998 INFO in module utils.py: Записи содержат только данные о расходах
2025-02-02 22:40:06,998 INFO in module utils.py: Обнаружено 7 записей
2025-02-02 22:40:07,870 INFO in module utils.py: Данные из файла загружены успешно. Обнаружено 9 записей
2025-02-02 22:40:08,716 INFO in module utils.py: Данные из файла загружены успешно. Обнаружено 9 записей
2025-02-02 22:40:09,566 INFO in module utils.py: Данные из файла загружены успешно. Обнаружено 18 записей
2025-02-02 22:40:09,569 INFO in module utils.py: Записи отфильтрованы за период с 2024-12-30 00:00:00 по 2024-12-30 01:00:00
2025-02-02 22:40:09,569 INFO in module utils.py: Обнаружено 2 записей
2025-02-02 22:40:09,570 INFO in module utils.py: Записи содержат только данные о расходах
2025-02-02 22:40:09,570 INFO in module utils.py: Обнаружено 1 записей
2025-02-02 22:40:10,417 INFO in module utils.py: Данные из файла загружены успешно. Обнаружено 18 записей
2025-02-02 22:40:10,420 INFO in module utils.py: Записи отфильтрованы за период с 2024-12-01 00:00:00 по 2025-01-01 00:00:00
2025-02-02 22:40:10,420 INFO in module utils.py: Обнаружено 16 записей
2025-02-02 22:40:10,421 INFO in module utils.py: Записи содержат только данные о расходах
2025-02-02 22:40:10,421 INFO in module utils.py: Обнаружено 8 записей
2025-02-02 22:40:10,422 INFO in module utils.py: Обнаружены записи по 2 картам 
2025-02-02 22:40:10,423 INFO in module utils.py: ------------------------------
2025-02-02 22:40:11,269 INFO in module utils.py: Данные из файла загружены успешно. Обнаружено 6 записей
2025-02-02 22:40:11,271 INFO in module utils.py: Анализируем 6 записей для поиска 6 самых крупных транзакций 
2025-02-02 22:40:11,272 INFO in module utils.py: Сформировано 6 записей
2025-02-02 22:40:11,272 INFO in module utils.py: ------------------------------
2025-02-02 22:40:12,116 INFO in module utils.py: Данные из файла загружены успешно. Обнаружено 6 записей
2025-02-02 22:40:12,965 INFO in module utils.py: Данные из файла загружены успешно. Обнаружено 6 записей
2025-02-02 22:40:12,966 INFO in module utils.py: Анализируем 6 записей для поиска 3 самых затратных категорий 
2025-02-02 22:40:12,970 INFO in module utils.py: Общий расход: 15 по 3 категориям
2025-02-02 22:40:12,970 INFO in module utils.py: ------------------------------
2025-02-02 22:40:13,770 INFO in module utils.py: Данные из файла загружены успешно. Обнаружено 6 записей
2025-02-02 22:40:14,613 INFO in module utils.py: Данные из файла загружены успешно. Обнаружено 6 записей
2025-02-02 22:40:15,455 INFO in module utils.py: Данные из файла загружены успешно. Обнаружено 9 записей
2025-02-02 22:40:15,457 INFO in module utils.py: Записи отфильтрованы за период с 2021-12-01 00:00:00 по 2021-12-31 11:00:00
2025-02-02 22:40:15,457 INFO in module utils.py: Обнаружено 0 записей
2025-02-02 22:40:15,457 INFO in module utils.py: Записи содержат только данные о расходах
2025-02-02 22:40:15,458 INFO in module utils.py: Обнаружено 0 записей
2025-02-02 22:40:15,458 INFO in module utils.py: Обнаружены записи по 0 картам 
2025-02-02 22:40:15,458 INFO in module utils.py: ------------------------------
2025-02-02 22:40:15,461 INFO in module utils.py: Анализируем 0 записей для поиска 5 самых крупных транзакций 
2025-02-02 22:40:15,461 INFO in module utils.py: Сформировано 0 записей
2025-02-02 22:40:15,461 INFO in module utils.py: ------------------------------
2025-02-02 22:40:16,295 INFO in module utils.py: Данные из файла загружены успешно. Обнаружено 9 записей
2025-02-02 22:40:16,297 INFO in module utils.py: Записи отфильтрованы за период с 2021-12-01 00:00:00 по 2021-12-31 23:59:59
2025-02-02 22:40:16,297 INFO in module utils.py: Обнаружено 0 записей
2025-02-02 22:40:16,298 INFO in module utils.py: Записи содержат только данные о расходах
2025-02-02 22:40:16,298 INFO in module utils.py: Обнаружено 0 записей
2025-02-02 22:40:16,299 INFO in module utils.py: Анализируем 0 записей для поиска 7 самых затратных категорий 
2025-02-02 22:40:16,302 INFO in module utils.py: Общий расход: 0 по 0 категориям
2025-02-02 22:40:16,302 INFO in module utils.py: ------------------------------
2025-02-02 22:40:16,303 INFO in module utils.py: Анализируем 0 записей для поиска 2 самых затратных категорий 
2025-02-02 22:40:16,306 INFO in module utils.py: Общий расход: 0 по 0 категориям
2025-02-02 22:40:16,306 INFO in module utils.py: ------------------------------
2025-02-02 22:40:16,307 INFO in module utils.py: Записи отфильтрованы за период с 2021-12-01 00:00:00 по 2021-12-31 23:59:59
2025-02-02 22:40:16,307 INFO in module utils.py: Обнаружено 0 записей
2025-02-02 22:40:16,308 INFO in module utils.py: Записи содержат только данные о поступлениях
2025-02-02 22:40:16,308 INFO in module utils.py: Обнаружено 0 записей
2025-02-02 22:40:16,308 INFO in module utils.py: ------------------------------
2025-02-02 22:40:16,309 INFO in module utils.py: Анализируем 0 записей для поиска 0 самых затратных категорий 
2025-02-02 22:40:16,310 INFO in module utils.py: Общий расход: 0 по 0 категориям
2025-02-02 22:40:16,310 INFO in module utils.py: ------------------------------
2025-02-02 22:40:17,156 INFO in module utils.py: Данные из файла загружены успешно. Обнаружено 18 записей
2025-02-02 22:40:18,008 INFO in module utils.py: Данные из файла загружены успешно. Обнаружено 18 записей
2025-02-02 22:40:18,010 INFO in module utils.py: Записи отфильтрованы за период с 2024-09-29 00:00:00 по 2024-12-29 00:00:00
2025-02-02 22:40:18,010 INFO in module utils.py: Обнаружено 14 записей
2025-02-02 22:40:18,011 INFO in module utils.py: Записи содержат только данные о расходах
2025-02-02 22:40:18,011 INFO in module utils.py: Обнаружено 7 записей
2025-02-02 22:40:35,964 INFO in module utils.py: Данные из файла загружены успешно. Обнаружено 9 записей
2025-02-02 22:40:35,970 INFO in module utils.py: Записи отфильтрованы за период с 2024-09-29 23:00:00 по 2024-12-29 23:00:00
2025-02-02 22:40:35,971 INFO in module utils.py: Обнаружено 7 записей
2025-02-02 22:40:35,972 INFO in module utils.py: Записи содержат только данные о расходах
2025-02-02 22:40:35,972 INFO in module utils.py: Обнаружено 7 записей
2025-02-02 22:40:37,718 INFO in module utils.py: Данные из файла загружены успешно. Обнаружено 9 записей
2025-02-02 22:40:39,530 INFO in module utils.py: Данные из файла загружены успешно. Обнаружено 9 записей
2025-02-02 22:40:41,315 INFO in module utils.py: Данные из файла загружены успешно. Обнаружено 18 записей
2025-02-02 22:40:41,320 INFO in module utils.py: Записи отфильтрованы за период с 2024-12-30 00:00:00 по 2024-12-30 01:00:00
2025-02-02 22:40:41,320 INFO in module utils.py: Обнаружено 2 записей
2025-02-02 22:40:41,321 INFO in module utils.py: Записи содержат только данные о расходах
2025-02-02 22:40:41,321 INFO in module utils.py: Обнаружено 1 записей
2025-02-02 22:40:43,096 INFO in module utils.py: Данные из файла загружены успешно. Обнаружено 18 записей
2025-02-02 22:40:43,100 INFO in module utils.py: Записи отфильтрованы за период с 2024-12-01 00:00:00 по 2025-01-01 00:00:00
2025-02-02 22:40:43,100 INFO in module utils.py: Обнаружено 16 записей
2025-02-02 22:40:43,101 INFO in module utils.py: Записи содержат только данные о расходах
2025-02-02 22:40:43,101 INFO in module utils.py: Обнаружено 8 записей
2025-02-02 22:40:43,103 INFO in module utils.py: Обнаружены записи по 2 картам 
2025-02-02 22:40:43,103 INFO in module utils.py: ------------------------------
2025-02-02 22:40:44,899 INFO in module utils.py: Данные из файла загружены успешно. Обнаружено 6 записей
2025-02-02 22:40:44,902 INFO in module utils.py: Анализируем 6 записей для поиска 6 самых крупных транзакций 
2025-02-02 22:40:44,904 INFO in module utils.py: Сформировано 6 записей
2025-02-02 22:40:44,904 INFO in module utils.py: ------------------------------
2025-02-02 22:40:46,682 INFO in module utils.py: Данные из файла загружены успешно. Обнаружено 6 записей
2025-02-02 22:40:48,448 INFO in module utils.py: Данные из файла загружены успешно. Обнаружено 6 записей
2025-02-02 22:40:48,450 INFO in module utils.py: Анализируем 6 записей для поиска 3 самых затратных категорий 
2025-02-02 22:40:48,456 INFO in module utils.py: Общий расход: 15 по 3 категориям
2025-02-02 22:40:48,456 INFO in module utils.py: ------------------------------
2025-02-02 22:40:50,248 INFO in module utils.py: Данные из файла загружены успешно. Обнаружено 6 записей
2025-02-02 22:40:52,042 INFO in module utils.py: Данные из файла загружены успешно. Обнаружено 6 записей
2025-02-02 22:40:53,751 INFO in module utils.py: Данные из файла загружены успешно. Обнаружено 9 записей
2025-02-02 22:40:53,755 INFO in module utils.py: Записи отфильтрованы за период с 2021-12-01 00:00:00 по 2021-12-31 11:00:00
2025-02-02 22:40:53,755 INFO in module utils.py: Обнаружено 0 записей
2025-02-02 22:40:53,756 INFO in module utils.py: Записи содержат только данные о расходах
2025-02-02 22:40:53,756 INFO in module utils.py: Обнаружено 0 записей
2025-02-02 22:40:53,757 INFO in module utils.py: Обнаружены записи по 0 картам 
2025-02-02 22:40:53,758 INFO in module utils.py: ------------------------------
2025-02-02 22:40:53,761 INFO in module utils.py: Анализируем 0 записей для поиска 5 самых крупных транзакций 
2025-02-02 22:40:53,762 INFO in module utils.py: Сформировано 0 записей
2025-02-02 22:40:53,762 INFO in module utils.py: ------------------------------
2025-02-02 22:40:55,551 INFO in module utils.py: Данные из файла загружены успешно. Обнаружено 9 записей
2025-02-02 22:40:55,555 INFO in module utils.py: Записи отфильтрованы за период с 2021-12-01 00:00:00 по 2021-12-31 23:59:59
2025-02-02 22:40:55,555 INFO in module utils.py: Обнаружено 0 записей
2025-02-02 22:40:55,557 INFO in module utils.py: Записи содержат только данные о расходах
2025-02-02 22:40:55,557 INFO in module utils.py: Обнаружено 0 записей
2025-02-02 22:40:55,559 INFO in module utils.py: Анализируем 0 записей для поиска 7 самых затратных категорий 
2025-02-02 22:40:55,563 INFO in module utils.py: Общий расход: 0 по 0 категориям
2025-02-02 22:40:55,563 INFO in module utils.py: ------------------------------
2025-02-02 22:40:55,564 INFO in module utils.py: Анализируем 0 записей для поиска 2 самых затратных категорий 
2025-02-02 22:40:55,568 INFO in module utils.py: Общий расход: 0 по 0 категориям
2025-02-02 22:40:55,568 INFO in module utils.py: ------------------------------
2025-02-02 22:40:55,571 INFO in module utils.py: Записи отфильтрованы за период с 2021-12-01 00:00:00 по 2021-12-31 23:59:59
2025-02-02 22:40:55,571 INFO in module utils.py: Обнаружено 0 записей
2025-02-02 22:40:55,572 INFO in module utils.py: Записи содержат только данные о поступлениях
2025-02-02 22:40:55,572 INFO in module utils.py: Обнаружено 0 записей
2025-02-02 22:40:55,573 INFO in module utils.py: ------------------------------
2025-02-02 22:40:55,573 INFO in module utils.py: Анализируем 0 записей для поиска 0 самых затратных категорий 
2025-02-02 22:40:55,576 INFO in module utils.py: Общий расход: 0 по 0 категориям
2025-02-02 22:40:55,576 INFO in module utils.py: ------------------------------
2025-02-02 22:40:57,364 INFO in module utils.py: Данные из файла загружены успешно. Обнаружено 18 записей
2025-02-02 22:40:59,156 INFO in module utils.py: Данные из файла загружены успешно. Обнаружено 18 записей
2025-02-02 22:40:59,159 INFO in module utils.py: Записи отфильтрованы за период с 2024-09-29 00:00:00 по 2024-12-29 00:00:00
2025-02-02 22:40:59,159 INFO in module utils.py: Обнаружено 14 записей
2025-02-02 22:40:59,161 INFO in module utils.py: Записи содержат только данные о расходах
2025-02-02 22:40:59,161 INFO in module utils.py: Обнаружено 7 записей
2025-02-03 10:21:17,942 INFO in module utils.py: Данные из файла загружены успешно. Обнаружено 6705 записей
2025-02-03 10:21:34,806 INFO in module utils.py: Записи отфильтрованы за период с 2021-10-01 00:00:00 по 2021-10-01 23:00:00
2025-02-03 10:21:34,806 INFO in module utils.py: Обнаружено 7 записей
2025-02-03 10:21:34,807 INFO in module utils.py: Записи содержат только данные о расходах
2025-02-03 10:21:34,807 INFO in module utils.py: Обнаружено 7 записей
2025-02-03 10:21:34,811 INFO in module utils.py: Обнаружены записи по 1 картам 
2025-02-03 10:21:34,811 INFO in module utils.py: ------------------------------
2025-02-03 10:21:34,912 INFO in module utils.py: Анализируем 7 записей для поиска 5 самых крупных транзакций 
2025-02-03 10:21:34,914 INFO in module utils.py: Сформировано 5 записей
2025-02-03 10:21:34,915 INFO in module utils.py: ------------------------------
2025-02-03 11:12:52,018 INFO in module utils.py: Данные из файла загружены успешно. Обнаружено 6705 записей
2025-02-03 11:13:22,334 INFO in module utils.py: Записи отфильтрованы за период с 2021-10-01 00:00:00 по 2021-10-12 11:00:00
2025-02-03 11:13:22,334 INFO in module utils.py: Обнаружено 74 записей
2025-02-03 11:13:22,338 INFO in module utils.py: Записи содержат только данные о расходах
2025-02-03 11:13:22,338 INFO in module utils.py: Обнаружено 70 записей
2025-02-03 11:13:22,363 INFO in module utils.py: Обнаружены записи по 2 картам 
2025-02-03 11:13:22,364 INFO in module utils.py: ------------------------------
2025-02-03 11:13:22,469 INFO in module utils.py: Анализируем 70 записей для поиска 5 самых крупных транзакций 
2025-02-03 11:13:22,492 INFO in module utils.py: Сформировано 5 записей
2025-02-03 11:13:22,492 INFO in module utils.py: ------------------------------
2025-02-03 11:14:57,135 INFO in module utils.py: Данные из файла загружены успешно. Обнаружено 6705 записей
2025-02-03 11:15:20,354 INFO in module utils.py: Записи отфильтрованы за период с 2021-10-01 00:00:00 по 2021-10-19 11:00:00
2025-02-03 11:15:20,355 INFO in module utils.py: Обнаружено 116 записей
2025-02-03 11:15:20,356 INFO in module utils.py: Записи содержат только данные о расходах
2025-02-03 11:15:20,385 INFO in module utils.py: Обнаружено 109 записей
2025-02-03 11:15:20,389 INFO in module utils.py: Обнаружены записи по 2 картам 
2025-02-03 11:15:20,390 INFO in module utils.py: ------------------------------
2025-02-03 11:15:20,399 INFO in module utils.py: Анализируем 109 записей для поиска 5 самых крупных транзакций 
2025-02-03 11:15:20,405 INFO in module utils.py: Сформировано 5 записей
2025-02-03 11:15:20,405 INFO in module utils.py: ------------------------------
2025-02-03 11:15:33,624 INFO in module utils.py: Данные из файла загружены успешно. Обнаружено 6705 записей
2025-02-03 11:15:45,382 INFO in module utils.py: Записи отфильтрованы за период с 2021-11-01 00:00:00 по 2021-11-30 23:59:59
2025-02-03 11:15:45,382 INFO in module utils.py: Обнаружено 181 записей
2025-02-03 11:15:45,384 INFO in module utils.py: Записи содержат только данные о расходах
2025-02-03 11:15:45,384 INFO in module utils.py: Обнаружено 170 записей
2025-02-03 11:15:45,391 INFO in module utils.py: Анализируем 170 записей для поиска 7 самых затратных категорий 
2025-02-03 11:15:45,461 INFO in module utils.py: Общий расход: 241245 по 7 категориям
2025-02-03 11:15:45,461 INFO in module utils.py: ------------------------------
2025-02-03 11:15:45,464 INFO in module utils.py: Анализируем 5 записей для поиска 2 самых затратных категорий 
2025-02-03 11:15:45,504 INFO in module utils.py: Общий расход: 190205 по 2 категориям
2025-02-03 11:15:45,504 INFO in module utils.py: ------------------------------
2025-02-03 11:15:45,617 INFO in module utils.py: Записи отфильтрованы за период с 2021-11-01 00:00:00 по 2021-11-30 23:59:59
2025-02-03 11:15:45,617 INFO in module utils.py: Обнаружено 181 записей
2025-02-03 11:15:45,619 INFO in module utils.py: Записи содержат только данные о поступлениях
2025-02-03 11:15:45,619 INFO in module utils.py: Обнаружено 11 записей
2025-02-03 11:15:45,619 INFO in module utils.py: ------------------------------
2025-02-03 11:15:45,620 INFO in module utils.py: Анализируем 11 записей для поиска 0 самых затратных категорий 
2025-02-03 11:15:45,630 INFO in module utils.py: Общий расход: 199237 по 4 категориям
2025-02-03 11:15:45,631 INFO in module utils.py: ------------------------------
